apiVersion: monitoring.cnrm.cloud.google.com/v1beta1
kind: MonitoringMonitoredProject
metadata:
  annotations:
    alpha.cnrm.cloud.google.com/reconciler: direct
    cnrm.cloud.google.com/management-conflict-prevention-policy: none
  finalizers:
  - cnrm.cloud.google.com/finalizer
  - cnrm.cloud.google.com/deletion-defender
  generation: 1
  labels:
    cnrm-test: "true"
  name: mmp-${uniqueId}
  namespace: ${uniqueId}
spec:
  metricsScope: locations/global/metricsScopes/${projectId}
status:
  conditions:
  - lastTransitionTime: "1970-01-01T00:00:00Z"
    message: The resource is up to date
    reason: UpToDate
    status: "True"
    type: Ready
  createTime: "1970-01-01T00:00:00Z"
  observedGeneration: 1
