apiVersion: discoveryengine.cnrm.cloud.google.com/v1alpha1
kind: DiscoveryEngineDataStoreTargetSite
metadata:
  finalizers:
  - cnrm.cloud.google.com/finalizer
  - cnrm.cloud.google.com/deletion-defender
  generation: 2
  labels:
    cnrm-test: "true"
  name: discoveryenginedatastoretargetsite-minimal-${uniqueId}
  namespace: ${uniqueId}
spec:
  dataStoreRef:
    name: datastore-${uniqueId}
  providedURIPattern: kubernetes.io/*
status:
  conditions:
  - lastTransitionTime: "1970-01-01T00:00:00Z"
    message: The resource is up to date
    reason: UpToDate
    status: "True"
    type: Ready
  externalRef: projects/${projectId}/locations/global/collections/default_collection/dataStores/datastore-${uniqueId}/siteSearchEngine/targetSites/0006302ee9fe6083Ki5rdWJlcm5ldGVzLmlvLyo
  observedGeneration: 2
  observedState:
    generatedURIPattern: '*.kubernetes.io/*'
    rootDomainURI: kubernetes.io
    updateTime: "1970-01-01T00:00:00Z"
